[video.sproutfund.org/index.html]
[backblue.gif]
[fade.gif]
[index.html]
[video.sproutfund.org/wp-json/oembed/1.0/embed873f.json]
[video.sproutfund.org/wp-content/themes/detube-1.4.7_sproutvideo_2013-11/images/filmvideo_logo.png]
[video.sproutfund.org/comments/feed/index.html]
[cloudfront.sproutfund.org/files/2014/10/aspie-seeks-love21.jpg]
[video.sproutfund.org/feed/index.html]
[video.sproutfund.org/index.html]
[video.sproutfund.org/xmlrpc.php]
[video.sproutfund.org/wp-content/themes/detube-1.4.7_sproutvideo_2013-11/ajax.html]
[video.sproutfund.org/wp-json/index.html]
[video.sproutfund.org/xmlrpc0db0.php]
[video.sproutfund.org/wp-includes/wlwmanifest.xml]
[video.sproutfund.org/wp-json/oembed/1.0/embed4d6e]
[video.sproutfund.org/browse/index.html]
[s7.addthis.com/js/300/addthis_widget.js]
[video.sproutfund.org/wp-content/plugins/wp-pagenavi/pagenavi-css44fd.css]
[video.sproutfund.org/most-viewed/index.html]
[video.sproutfund.org/most-liked/index.html]
[video.sproutfund.org/likes/index.html]
[video.sproutfund.org/wp-content/plugins/pullquote-shortcode/css/pullquote-shortcodeb3e8.css]
[video.sproutfund.org/rules/index.html]
[video.sproutfund.org/wp-content/themes/detube-1.4.7_sproutvideo_2013-11/style370e.css]
[video.sproutfund.org/screening-party/index.html]
[video.sproutfund.org/partners-supporters/index.html]
[video.sproutfund.org/wp-content/themes/detube-1.4.7_sproutvideo_2013-11/responsive370e.css]
[video.sproutfund.org/aspie-seeks-love/index.html]
[video.sproutfund.org/wp-includes/js/jquery/jquery.js]
[video.sproutfund.org/dot/index.html]
[video.sproutfund.org/gas-rush-stories/index.html]
[video.sproutfund.org/granada-refrain-the/index.html]
[video.sproutfund.org/wp-includes/js/jquery/jquery-migrate.min.js]
[video.sproutfund.org/madame-presidenta-why-not-us/index.html]
[video.sproutfund.org/kill-the-artist/index.html]
[cloudfront.sproutfund.org/files/2014/10/fursonas-v1.jpg]
[video.sproutfund.org/whats-your-favorite-thing-about-pittsburgh/index.html]
[cloudfront.sproutfund.org/files/2014/10/give-us-a-chance-pittsburgh-punk1.jpg]
[cloudfront.sproutfund.org/files/2014/10/dot.jpg]
[cloudfront.sproutfund.org/files/2014/10/gas-rush-stories11.jpg]
[video.sproutfund.org/wp-content/themes/detube-1.4.7_sproutvideo_2013-11/js/modernizr.min.js]
[video.sproutfund.org/wp-content/themes/detube-1.4.7_sproutvideo_2013-11/js/jquery.plugins.min.js]
[cloudfront.sproutfund.org/files/2014/10/granada-refrain.jpg]
[cloudfront.sproutfund.org/files/2014/10/kill-the-artist1.jpg]
[video.sproutfund.org/browse/index.html]
[video.sproutfund.org/most-viewed/index.html]
[video.sproutfund.org/most-liked/index.html]
[cloudfront.sproutfund.org/files/2014/10/whats-your-favorite-thing-about-pittsburgh4.jpg]
[cloudfront.sproutfund.org/files/2014/10/madame-presidenta-why-not-us.jpg]
[video.sproutfund.org/likes/index.html]
[video.sproutfund.org/rules/index.html]
[stats.wp.com/e-201721.js]
[video.sproutfund.org/wp-content/themes/detube-1.4.7_sproutvideo_2013-11/images/quote.png]
[video.sproutfund.org/wp-content/themes/detube-1.4.7_sproutvideo_2013-11/images/pre-code-bg.png]
[video.sproutfund.org/screening-party/index.html]
[video.sproutfund.org/wp-content/themes/detube-1.4.7_sproutvideo_2013-11/images/bg-pattern.png]
[video.sproutfund.org/wp-content/themes/detube-1.4.7_sproutvideo_2013-11/images/bg-grad.png]
[video.sproutfund.org/partners-supporters/index.html]
[video.sproutfund.org/aspie-seeks-love/index.html]
[video.sproutfund.org/wp-content/themes/detube-1.4.7_sproutvideo_2013-11/images/s.png]
[video.sproutfund.org/wp-content/themes/detube-1.4.7_sproutvideo_2013-11/images/bg-pattern-nav.png]
[video.sproutfund.org/wp-content/themes/detube-1.4.7_sproutvideo_2013-11/images/bg-pattern-black.png]
[video.sproutfund.org/wp-content/themes/detube-1.4.7_sproutvideo_2013-11/images/nav-sep.png]
[video.sproutfund.org/wp-content/themes/detube-1.4.7_sproutvideo_2013-11/images/icon-plus-24.png]
[video.sproutfund.org/wp-content/themes/detube-1.4.7_sproutvideo_2013-11/images/icon-play-24.png]
[video.sproutfund.org/dot/index.html]
[video.sproutfund.org/wp-content/themes/detube-1.4.7_sproutvideo_2013-11/images/stats.png]
[video.sproutfund.org/wp-content/themes/detube-1.4.7_sproutvideo_2013-11/images/icon-plus-32.png]
[video.sproutfund.org/gas-rush-stories/index.html]
[video.sproutfund.org/granada-refrain-the/index.html]
[video.sproutfund.org/kill-the-artist/index.html]
[video.sproutfund.org/wp-content/themes/detube-1.4.7_sproutvideo_2013-11/images/icon-plus-48.png]
[video.sproutfund.org/wp-content/themes/detube-1.4.7_sproutvideo_2013-11/images/icon-play-32.png]
[video.sproutfund.org/wp-content/themes/detube-1.4.7_sproutvideo_2013-11/images/icon-play-48.png]
[video.sproutfund.org/wp-content/themes/detube-1.4.7_sproutvideo_2013-11/images/icon-plus-64.png]
[video.sproutfund.org/madame-presidenta-why-not-us/index.html]
[video.sproutfund.org/wp-content/themes/detube-1.4.7_sproutvideo_2013-11/images/section-shadow.png]
[video.sproutfund.org/wp-content/themes/detube-1.4.7_sproutvideo_2013-11/images/s-jplayer.png]
[video.sproutfund.org/wp-content/themes/detube-1.4.7_sproutvideo_2013-11/images/loading-bert.gif]
[video.sproutfund.org/wp-content/themes/detube-1.4.7_sproutvideo_2013-11/images/icon-play-64.png]
[video.sproutfund.org/whats-your-favorite-thing-about-pittsburgh/index.html]
[video.sproutfund.org/wp-content/themes/detube-1.4.7_sproutvideo_2013-11/images/view.png]
[video.sproutfund.org/wp-content/themes/detube-1.4.7_sproutvideo_2013-11/images/actions.png]
[video.sproutfund.org/wp-content/themes/detube-1.4.7_sproutvideo_2013-11/images/icon-play-16.png]
[video.sproutfund.org/wp-content/themes/detube-1.4.7_sproutvideo_2013-11/images/links.png]
[video.sproutfund.org/wp-includes/js/imagesloaded.min.js]
[video.sproutfund.org/wp-content/themes/detube-1.4.7_sproutvideo_2013-11/images/social.png]
[video.sproutfund.org/wp-content/themes/detube-1.4.7_sproutvideo_2013-11/images/select-arrow.png]
[video.sproutfund.org/wp-content/themes/detube-1.4.7_sproutvideo_2013-11/images/s2.png]
[video.sproutfund.org/wp-includes/js/masonry.min.js]
[video.sproutfund.org/browse/index79f8.html]
[video.sproutfund.org/wp-includes/js/jquery/jquery.masonry.min.js]
[video.sproutfund.org/browse/index7aea.html]
[video.sproutfund.org/browse/index6dcc.html]
[cloudfront.sproutfund.org/files/2014/10/catalytic-support-for-innovative-community-film-and-video-projects1.jpg]
[video.sproutfund.org/catalytic-support-for-innovative-community-film-and-video-projects/index.html]
[video.sproutfund.org/browse/indexbed8.html]
[video.sproutfund.org/wp-content/themes/detube-1.4.7_sproutvideo_2013-11/js/jquery.fitvids.js]
[cloudfront.sproutfund.org/files/2014/10/at-the-table21.jpg]
[video.sproutfund.org/author/sproutfund/index.html]
[video.sproutfund.org/wp-content/themes/detube-1.4.7_sproutvideo_2013-11/js/theme.js]
[cloudfront.sproutfund.org/files/2014/10/between-a-stone-and-a-shrine.jpg]
[video.sproutfund.org/wp-includes/js/comment-reply.min.js]
[video.sproutfund.org/between-a-stone-and-a-shrine/index.html]
[video.sproutfund.org/at-the-table/index.html]
[video.sproutfund.org/author/matt/index.html]
[cloudfront.sproutfund.org/files/2014/10/bloomfield-documentary.jpg]
[video.sproutfund.org/wp-includes/js/wp-embed.min.js]
[cloudfront.sproutfund.org/files/2014/10/east-of-liberty-communities-without-yt1.jpg]
[video.sproutfund.org/bloomfield-documentary/index.html]
[video.sproutfund.org/east-of-liberty-communities-without/index.html]
[video.sproutfund.org/wp-content/themes/detube-1.4.7_sproutvideo_2013-11/js/jquery.jcarousel.js]
[video.sproutfund.org/gabis-playdate-place/index.html]
[cloudfront.sproutfund.org/files/2014/10/gabis-playdate-place.jpg]
[stats.wp.com/e-201721.js]
[cloudfront.sproutfund.org/files/2014/10/the-house-of-god1.jpg]
[video.sproutfund.org/browse/index79f8.html]
[video.sproutfund.org/house-of-god/index.html]
[video.sproutfund.org/browse/index6dcc.html]
[cloudfront.sproutfund.org/files/2014/10/house-stories-giovannitti-house.jpg]
[video.sproutfund.org/browse/index7aea.html]
[video.sproutfund.org/house-stories-giovannitti-house/index.html]
[video.sproutfund.org/browse/indexbed8.html]
[cloudfront.sproutfund.org/files/2014/10/the-hug-project-helping-us-grow.jpg]
[video.sproutfund.org/hug-project-helping-us-grow/index.html]
[video.sproutfund.org/catalytic-support-for-innovative-community-film-and-video-projects/index.html]
[video.sproutfund.org/author/sproutfund/index.html]
[cloudfront.sproutfund.org/files/2014/10/invitation-to-the-soil-building-frontier11.jpg]
[video.sproutfund.org/invitation-to-the-soil-building-frontier/index.html]
[cloudfront.sproutfund.org/files/2014/10/life-over-easy.jpg]
[video.sproutfund.org/at-the-table/index.html]
[cloudfront.sproutfund.org/files/2014/10/lifes-work.jpg]
[video.sproutfund.org/life-over-easy/index.html]
[video.sproutfund.org/lifes-work/index.html]
[cloudfront.sproutfund.org/files/2014/10/magic-woods.jpg]
[video.sproutfund.org/lost-community-of-pittsburghs-east-end/index.html]
[video.sproutfund.org/between-a-stone-and-a-shrine/index.html]
[cloudfront.sproutfund.org/files/2014/10/martians11.jpg]
[video.sproutfund.org/magic-woods/index.html]
[video.sproutfund.org/author/matt/index.html]
[video.sproutfund.org/martians/index.html]
[cloudfront.sproutfund.org/files/2014/10/ongoing-box1.jpg]
[video.sproutfund.org/bloomfield-documentary/index.html]
[video.sproutfund.org/ongoing-box/index.html]
[cloudfront.sproutfund.org/files/2014/10/opera-nat1.jpg]
[video.sproutfund.org/east-of-liberty-communities-without/index.html]
[cloudfront.sproutfund.org/files/2014/10/people-of-pittsburgh.jpg]
[video.sproutfund.org/opera-nat/index.html]
[video.sproutfund.org/people-of-pittsburgh/index.html]
[cloudfront.sproutfund.org/files/2014/10/restroom.jpg]
[video.sproutfund.org/restroom/index.html]
[cloudfront.sproutfund.org/files/2014/10/robert-qualters1.jpg]
[video.sproutfund.org/gabis-playdate-place/index.html]
[video.sproutfund.org/robert-qualters/index.html]
[cloudfront.sproutfund.org/files/2014/10/rock-salt-eating-the-neighborhood.jpg]
[video.sproutfund.org/rock-salt-eating-the-neighborhood/index.html]
[cloudfront.sproutfund.org/files/2014/10/steel-town-3.jpg]
[video.sproutfund.org/steel-town/index.html]
[video.sproutfund.org/still-city/index.html]
[video.sproutfund.org/house-of-god/index.html]
[cloudfront.sproutfund.org/files/2014/10/still-city11.jpg]
[cloudfront.sproutfund.org/files/2014/10/tale-of-two-cities.jpg]
[video.sproutfund.org/tale-of-two-cities/index.html]
[video.sproutfund.org/house-stories-giovannitti-house/index.html]
[video.sproutfund.org/hug-project-helping-us-grow/index.html]
[video.sproutfund.org/invitation-to-the-soil-building-frontier/index.html]
[cloudfront.sproutfund.org/files/2014/10/tar-baby-jane11.jpg]
[cloudfront.sproutfund.org/files/2014/10/uptown-stories.jpg]
[video.sproutfund.org/life-over-easy/index.html]
[cloudfront.sproutfund.org/files/2014/10/when-i-go-the-healing-power-of-music.jpg]
[video.sproutfund.org/uptown-stories/index.html]
[video.sproutfund.org/tar-baby-jane/index.html]
[video.sproutfund.org/when-i-go-the-healing-power-of-music/index.html]
[video.sproutfund.org/wp-json/oembed/1.0/embed0e9f.json]
[video.sproutfund.org/wp-json/oembed/1.0/embed6b8c]
[video.sproutfund.org/lifes-work/index.html]
[video.sproutfund.org/wp-json/oembed/1.0/embed7165.json]
[video.sproutfund.org/wp-json/oembed/1.0/embed3de8]
[video.sproutfund.org/wp-json/oembed/1.0/embedbeae.json]
[video.sproutfund.org/wp-json/oembed/1.0/embedf7f2]
[video.sproutfund.org/lost-community-of-pittsburghs-east-end/index.html]
[cloudfront.sproutfund.org/files/2014/10/Lost-Community-of-Pittsburghs-East-End.jpg]
[video.sproutfund.org/wp-json/oembed/1.0/embeddbde.json]
[video.sproutfund.org/wp-json/oembed/1.0/embedb815]
[video.sproutfund.org/rules/video.sproutfund.org/browse/index.html]
[video.sproutfund.org/wp-json/oembed/1.0/embedb688.json]
[video.sproutfund.org/magic-woods/index.html]
[video.sproutfund.org/wp-json/oembed/1.0/embed50ed]
[video.sproutfund.org/screening-party/hivepgh.sproutfund.html]
[video.sproutfund.org/martians/index.html]
[video.sproutfund.org/wp-json/oembed/1.0/embedb9a3.json]
[video.sproutfund.org/about-sprout/index.html]
[video.sproutfund.org/wp-json/oembed/1.0/embedde77]
[video.sproutfund.org/wp-json/oembed/1.0/embedc658.json]
[video.sproutfund.org/ongoing-box/index.html]
[video.sproutfund.org/fursonas/index.html]
[video.sproutfund.org/wp-json/oembed/1.0/embedbc8b]
[video.sproutfund.org/opera-nat/index.html]
[video.sproutfund.org/people-of-pittsburgh/index.html]
[video.sproutfund.org/give-us-a-chance-pittsburgh-punk/index.html]
[video.sproutfund.org/wp-json/oembed/1.0/embed2974.json]
[video.sproutfund.org/wp-json/oembed/1.0/embed9679.json]
[video.sproutfund.org/wp-json/oembed/1.0/embed9456]
[video.sproutfund.org/restroom/index.html]
[video.sproutfund.org/wp-json/oembed/1.0/embeda560]
[video.sproutfund.org/wp-json/oembed/1.0/embed6043.json]
[video.sproutfund.org/wp-json/oembed/1.0/embed7b40.json]
[video.sproutfund.org/robert-qualters/index.html]
[video.sproutfund.org/wp-json/oembed/1.0/embedcceb]
[video.sproutfund.org/wp-json/oembed/1.0/embed6cc2]
[video.sproutfund.org/wp-json/oembed/1.0/embed411b.json]
[video.sproutfund.org/wp-json/oembed/1.0/embed6054]
[video.sproutfund.org/wp-json/oembed/1.0/embed1629.json]
[video.sproutfund.org/rock-salt-eating-the-neighborhood/index.html]
[video.sproutfund.org/wp-json/oembed/1.0/embedb16f]
[video.sproutfund.org/g.html]
[video.sproutfund.org/c.html]
[video.sproutfund.org/browse/indexece1.html]
[video.sproutfund.org/steel-town/index.html]
[video.sproutfund.org/browse/index8461.html]
[video.sproutfund.org/wp-json/oembed/1.0/embed7763.json]
[video.sproutfund.org/browse/indexdfc2.html]
[video.sproutfund.org/browse/indexff30.html]
[video.sproutfund.org/author/sproutfund/feed/index.html]
[video.sproutfund.org/wp-json/oembed/1.0/embed0f0b]
[video.sproutfund.org/wp-json/oembed/1.0/embed1a64.json]
[video.sproutfund.org/still-city/index.html]
[video.sproutfund.org/wp-json/oembed/1.0/embed722e]
[video.sproutfund.org/wp-json/oembed/1.0/embed3200.json]
[video.sproutfund.org/wp-json/oembed/1.0/embedc3d6]
[video.sproutfund.org/wp-json/oembed/1.0/embed721f.json]
[video.sproutfund.org/author/matt/feed/index.html]
[video.sproutfund.org/tale-of-two-cities/index.html]
[video.sproutfund.org/wp-json/oembed/1.0/embed8cd7.json]
[video.sproutfund.org/wp-json/oembed/1.0/embed27fa]
[video.sproutfund.org/tar-baby-jane/index.html]
[video.sproutfund.org/wp-json/oembed/1.0/embed0450]
[video.sproutfund.org/wp-json/oembed/1.0/embed4ac0.json]
[video.sproutfund.org/wp-json/oembed/1.0/embed9566.json]
[video.sproutfund.org/wp-json/oembed/1.0/embed0fe7]
[video.sproutfund.org/uptown-stories/index.html]
[video.sproutfund.org/wp-json/oembed/1.0/embed3368.json]
[video.sproutfund.org/wp-json/oembed/1.0/embed22a1]
[video.sproutfund.org/when-i-go-the-healing-power-of-music/index.html]
[video.sproutfund.org/wp-json/oembed/1.0/embede82c]
[video.sproutfund.org/wp-json/oembed/1.0/embed7d99.json]
[video.sproutfund.org/rules/video.sproutfund.org/browse/index.html]
[video.sproutfund.org/wp-json/oembed/1.0/embed797c.json]
[video.sproutfund.org/screening-party/hivepgh.sproutfund.html]
[video.sproutfund.org/wp-json/oembed/1.0/embed724b]
[video.sproutfund.org/wp-json/oembed/1.0/embed9461]
[video.sproutfund.org/wp-json/oembed/1.0/embed1682.json]
[video.sproutfund.org/about-sprout/index.html]
[video.sproutfund.org/wp-json/oembed/1.0/embed5f34.json]
[video.sproutfund.org/wp-json/oembed/1.0/embeda129.json]
[video.sproutfund.org/fursonas/index.html]
[video.sproutfund.org/wp-json/oembed/1.0/embed947a]
[video.sproutfund.org/wp-json/oembed/1.0/embed0cd3]
[video.sproutfund.org/wp-json/oembed/1.0/embedd89e.json]
[video.sproutfund.org/wp-json/oembed/1.0/embede471]
[video.sproutfund.org/give-us-a-chance-pittsburgh-punk/index.html]
[video.sproutfund.org/wp-json/oembed/1.0/embedc726.json]
[video.sproutfund.org/g.html]
[video.sproutfund.org/wp-json/oembed/1.0/embed5c82]
[video.sproutfund.org/c.html]
[video.sproutfund.org/wp-json/oembed/1.0/embedd873.json]
[video.sproutfund.org/wp-json/oembed/1.0/embed6ff9]
[video.sproutfund.org/browse/indexece1.html]
[video.sproutfund.org/wp-json/oembed/1.0/embed8f4d.json]
[video.sproutfund.org/wp-json/oembed/1.0/embedc8f6]
[video.sproutfund.org/browse/index8461.html]
[video.sproutfund.org/wp-json/oembed/1.0/embed016f.json]
[video.sproutfund.org/wp-json/oembed/1.0/embedb540]
[video.sproutfund.org/wp-json/oembed/1.0/embed0e34.json]
[video.sproutfund.org/browse/indexff30.html]
[video.sproutfund.org/wp-json/oembed/1.0/embed31d2]
[video.sproutfund.org/browse/indexdfc2.html]
[video.sproutfund.org/wp-json/oembed/1.0/embed1827]
[video.sproutfund.org/wp-json/oembed/1.0/embed4f9d.json]
[video.sproutfund.org/wp-json/oembed/1.0/embedad3f.json]
[video.sproutfund.org/wp-json/oembed/1.0/embed7c66]
[video.sproutfund.org/wp-json/oembed/1.0/embedcef9.json]
[video.sproutfund.org/wp-json/oembed/1.0/embedab74]
[video.sproutfund.org/wp-json/oembed/1.0/embed5817.json]
[video.sproutfund.org/wp-json/oembed/1.0/embed076c]
[video.sproutfund.org/wp-json/oembed/1.0/embed17a4.json]
[video.sproutfund.org/wp-json/oembed/1.0/embedc385]
[video.sproutfund.org/wp-json/oembed/1.0/embed24b5.json]
[video.sproutfund.org/wp-json/oembed/1.0/embedd872]
[video.sproutfund.org/wp-json/oembed/1.0/embedb2af.json]
[video.sproutfund.org/wp-json/oembed/1.0/embed01da]
[video.sproutfund.org/wp-json/oembed/1.0/embedbb45.json]
[video.sproutfund.org/wp-json/oembed/1.0/embed2c47.json]
[video.sproutfund.org/wp-json/oembed/1.0/embed5c88]
[video.sproutfund.org/wp-json/oembed/1.0/embed4c98]
[video.sproutfund.org/wp-json/oembed/1.0/embed2ace.json]
[video.sproutfund.org/wp-json/oembed/1.0/embed801a]
[video.sproutfund.org/wp-json/oembed/1.0/embed0550]
[video.sproutfund.org/wp-json/oembed/1.0/embed7700.json]
[video.sproutfund.org/wp-json/oembed/1.0/embed9d9c]
[video.sproutfund.org/browse/indexdef9.html]
[video.sproutfund.org/browse/indexdef9.html]
[video.sproutfund.org/browse/index69be.html]
[video.sproutfund.org/browse/index69be.html]
[video.sproutfund.org/browse/index99f9.html]
[video.sproutfund.org/browse/index99f9.html]
