[index-2.html]
[backblue.gif]
[fade.gif]
[index.html]
[comments/feed/index.html]
[index-2.html]
[xmlrpc.php]
[wp-content/themes/detube-1.4.7_sproutvideo_2013-11/ajax.html]
[wp-content/plugins/wp-pagenavi/pagenavi-css44fd.css]
[wp-content/plugins/pullquote-shortcode/css/pullquote-shortcodeb3e8.css]
[wp-includes/wlwmanifest.xml]
[xmlrpc0db0.php]
[wp-content/themes/detube-1.4.7_sproutvideo_2013-11/style370e.css]
[wp-json/oembed/1.0/embed4d6e]
[most-liked/index.html]
[wp-content/themes/detube-1.4.7_sproutvideo_2013-11/responsive370e.css]
[most-viewed/index.html]
[browse/index.html]
[wp-includes/js/jquery/jquery.js]
[likes/index.html]
[rules/index.html]
[wp-includes/js/jquery/jquery-migrate.min.js]
[screening-party/index.html]
[partners-supporters/index.html]
[wp-content/themes/detube-1.4.7_sproutvideo_2013-11/js/modernizr.min.js]
[about-sprout/index.html]
[aspie-seeks-love/index.html]
[wp-content/themes/detube-1.4.7_sproutvideo_2013-11/js/jquery.plugins.min.js]
[fursonas/index.html]
[give-us-a-chance-pittsburgh-punk/index.html]
[dot/index.html]
[gas-rush-stories/index.html]
[granada-refrain-the/index.html]
[kill-the-artist/index.html]
[madame-presidenta-why-not-us/index.html]
[files/2014/10/fursonas-v1.jpg]
[files/2014/10/give-us-a-chance-pittsburgh-punk1.jpg]
[whats-your-favorite-thing-about-pittsburgh/index.html]
[files/2014/10/dot.jpg]
[browse/index.html]
[most-viewed/index.html]
[files/2014/10/gas-rush-stories11.jpg]
[files/2014/10/granada-refrain.jpg]
[files/2014/10/kill-the-artist1.jpg]
[most-liked/index.html]
[likes/index.html]
[rules/index.html]
[files/2014/10/whats-your-favorite-thing-about-pittsburgh4.jpg]
[files/2014/10/madame-presidenta-why-not-us.jpg]
[screening-party/index.html]
[partners-supporters/index.html]
[about-sprout/index.html]
[aspie-seeks-love/index.html]
[fursonas/index.html]
[give-us-a-chance-pittsburgh-punk/index.html]
[dot/index.html]
[wp-content/themes/detube-1.4.7_sproutvideo_2013-11/images/pre-code-bg.png]
[e-201721.js]
[wp-content/themes/detube-1.4.7_sproutvideo_2013-11/images/quote.png]
[wp-content/themes/detube-1.4.7_sproutvideo_2013-11/images/bg-pattern.png]
[wp-content/themes/detube-1.4.7_sproutvideo_2013-11/images/bg-grad.png]
[gas-rush-stories/index.html]
[granada-refrain-the/index.html]
[kill-the-artist/index.html]
[wp-content/themes/detube-1.4.7_sproutvideo_2013-11/images/bg-pattern-nav.png]
[wp-content/themes/detube-1.4.7_sproutvideo_2013-11/images/s.png]
[wp-content/themes/detube-1.4.7_sproutvideo_2013-11/images/nav-sep.png]
[madame-presidenta-why-not-us/index.html]
[whats-your-favorite-thing-about-pittsburgh/index.html]
[wp-content/themes/detube-1.4.7_sproutvideo_2013-11/images/bg-pattern-black.png]
[wp-content/themes/detube-1.4.7_sproutvideo_2013-11/images/stats.png]
[wp-content/themes/detube-1.4.7_sproutvideo_2013-11/images/icon-play-24.png]
[wp-content/themes/detube-1.4.7_sproutvideo_2013-11/images/icon-plus-24.png]
[wp-includes/js/imagesloaded.min.js]
[wp-content/themes/detube-1.4.7_sproutvideo_2013-11/images/icon-plus-32.png]
[wp-includes/js/masonry.min.js]
[wp-content/themes/detube-1.4.7_sproutvideo_2013-11/images/icon-plus-48.png]
[wp-content/themes/detube-1.4.7_sproutvideo_2013-11/images/icon-play-32.png]
[wp-includes/js/jquery/jquery.masonry.min.js]
[wp-content/themes/detube-1.4.7_sproutvideo_2013-11/images/icon-play-48.png]
[wp-content/themes/detube-1.4.7_sproutvideo_2013-11/js/jquery.fitvids.js]
[wp-content/themes/detube-1.4.7_sproutvideo_2013-11/images/icon-plus-64.png]
[wp-content/themes/detube-1.4.7_sproutvideo_2013-11/js/theme.js]
[wp-content/themes/detube-1.4.7_sproutvideo_2013-11/images/icon-play-64.png]
[wp-includes/js/comment-reply.min.js]
[wp-content/themes/detube-1.4.7_sproutvideo_2013-11/images/section-shadow.png]
[wp-includes/js/wp-embed.min.js]
[wp-content/themes/detube-1.4.7_sproutvideo_2013-11/images/s-jplayer.png]
[wp-content/themes/detube-1.4.7_sproutvideo_2013-11/js/jquery.jcarousel.js]
[wp-content/themes/detube-1.4.7_sproutvideo_2013-11/images/loading-bert.gif]
[e-201721.js]
[wp-content/themes/detube-1.4.7_sproutvideo_2013-11/images/view.png]
[wp-content/themes/detube-1.4.7_sproutvideo_2013-11/images/links.png]
[wp-content/themes/detube-1.4.7_sproutvideo_2013-11/images/actions.png]
[wp-content/themes/detube-1.4.7_sproutvideo_2013-11/images/icon-play-16.png]
[wp-content/themes/detube-1.4.7_sproutvideo_2013-11/images/s2.png]
[wp-content/themes/detube-1.4.7_sproutvideo_2013-11/images/social.png]
[wp-content/themes/detube-1.4.7_sproutvideo_2013-11/images/select-arrow.png]
[browse/index79f8.html]
[browse/index79f8.html]
[browse/index6dcc.html]
[files/2014/10/catalytic-support-for-innovative-community-film-and-video-projects1.jpg]
[browse/index7aea.html]
[browse/indexbed8.html]
[catalytic-support-for-innovative-community-film-and-video-projects/index.html]
[browse/index6dcc.html]
[files/2014/10/at-the-table21.jpg]
[files/2014/10/between-a-stone-and-a-shrine.jpg]
[browse/index7aea.html]
[author/sproutfund/index.html]
[between-a-stone-and-a-shrine/index.html]
[browse/indexbed8.html]
[at-the-table/index.html]
[files/2014/10/bloomfield-documentary.jpg]
[author/matt/index.html]
[catalytic-support-for-innovative-community-film-and-video-projects/index.html]
[bloomfield-documentary/index.html]
[files/2014/10/east-of-liberty-communities-without-yt1.jpg]
[author/sproutfund/index.html]
[files/2014/10/gabis-playdate-place.jpg]
[east-of-liberty-communities-without/index.html]
[files/2014/10/the-house-of-god1.jpg]
[at-the-table/index.html]
[files/2014/10/house-stories-giovannitti-house.jpg]
[gabis-playdate-place/index.html]
[house-of-god/index.html]
[files/2014/10/the-hug-project-helping-us-grow.jpg]
[between-a-stone-and-a-shrine/index.html]
[files/2014/10/invitation-to-the-soil-building-frontier11.jpg]
[house-stories-giovannitti-house/index.html]
[author/matt/index.html]
[files/2014/10/life-over-easy.jpg]
[hug-project-helping-us-grow/index.html]
[invitation-to-the-soil-building-frontier/index.html]
[files/2014/10/lifes-work.jpg]
[life-over-easy/index.html]
[bloomfield-documentary/index.html]
[lifes-work/index.html]
[files/2014/10/magic-woods.jpg]
[lost-community-of-pittsburghs-east-end/index.html]
[files/2014/10/martians11.jpg]
[magic-woods/index.html]
[east-of-liberty-communities-without/index.html]
[files/2014/10/ongoing-box1.jpg]
[martians/index.html]
[files/2014/10/opera-nat1.jpg]
[ongoing-box/index.html]
[gabis-playdate-place/index.html]
[files/2014/10/people-of-pittsburgh.jpg]
[opera-nat/index.html]
[files/2014/10/restroom.jpg]
[house-of-god/index.html]
[files/2014/10/robert-qualters1.jpg]
[people-of-pittsburgh/index.html]
[restroom/index.html]
[files/2014/10/rock-salt-eating-the-neighborhood.jpg]
[house-stories-giovannitti-house/index.html]
[robert-qualters/index.html]
[files/2014/10/steel-town-3.jpg]
[rock-salt-eating-the-neighborhood/index.html]
[files/2014/10/still-city11.jpg]
[steel-town/index.html]
[files/2014/10/tale-of-two-cities.jpg]
[hug-project-helping-us-grow/index.html]
[files/2014/10/tar-baby-jane11.jpg]
[still-city/index.html]
[files/2014/10/uptown-stories.jpg]
[tale-of-two-cities/index.html]
[tar-baby-jane/index.html]
[invitation-to-the-soil-building-frontier/index.html]
[files/2014/10/when-i-go-the-healing-power-of-music.jpg]
[uptown-stories/index.html]
[wp-json/oembed/1.0/embed0e9f.json]
[when-i-go-the-healing-power-of-music/index.html]
[wp-json/oembed/1.0/embed6b8c]
[life-over-easy/index.html]
[wp-json/oembed/1.0/embed7165.json]
[wp-json/oembed/1.0/embedbeae.json]
[wp-json/oembed/1.0/embed3de8]
[wp-json/oembed/1.0/embedf7f2]
[lifes-work/index.html]
[wp-json/oembed/1.0/embeddbde.json]
[wp-json/oembed/1.0/embedb815]
[lost-community-of-pittsburghs-east-end/index.html]
[rules/video.sproutfund.org/browse/index.html]
[wp-json/oembed/1.0/embedb688.json]
[files/2014/10/Lost-Community-of-Pittsburghs-East-End.jpg]
[wp-json/oembed/1.0/embed50ed]
[screening-party/hivepgh.sproutfund.html]
[wp-json/oembed/1.0/embedb9a3.json]
[wp-json/oembed/1.0/embedde77]
[wp-json/oembed/1.0/embed2c47.json]
[magic-woods/index.html]
[wp-json/oembed/1.0/embed801a]
[wp-json/oembed/1.0/embedc658.json]
[wp-json/oembed/1.0/embed2ace.json]
[wp-json/oembed/1.0/embedbc8b]
[martians/index.html]
[wp-json/oembed/1.0/embed7700.json]
[wp-json/oembed/1.0/embed0550]
[ongoing-box/index.html]
[wp-json/oembed/1.0/embed9d9c]
[wp-json/oembed/1.0/embed2974.json]
[wp-json/oembed/1.0/embed9679.json]
[opera-nat/index.html]
[wp-json/oembed/1.0/embed9456]
[wp-json/oembed/1.0/embeda560]
[wp-json/oembed/1.0/embed6043.json]
[people-of-pittsburgh/index.html]
[wp-json/oembed/1.0/embedcceb]
[wp-json/oembed/1.0/embed7b40.json]
[wp-json/oembed/1.0/embed6cc2]
[restroom/index.html]
[wp-json/oembed/1.0/embed411b.json]
[wp-json/oembed/1.0/embed1629.json]
[wp-json/oembed/1.0/embed6054]
[wp-json/oembed/1.0/embedb16f]
[g.html]
[c.html]
[robert-qualters/index.html]
[browse/indexece1.html]
[browse/index8461.html]
[browse/indexff30.html]
[wp-json/oembed/1.0/embed7763.json]
[browse/indexdfc2.html]
[rock-salt-eating-the-neighborhood/index.html]
[wp-json/oembed/1.0/embed0f0b]
[steel-town/index.html]
[wp-json/oembed/1.0/embed1a64.json]
[wp-json/oembed/1.0/embed3200.json]
[wp-json/oembed/1.0/embed722e]
[wp-json/oembed/1.0/embedc3d6]
[wp-json/oembed/1.0/embed721f.json]
[still-city/index.html]
[wp-json/oembed/1.0/embed27fa]
[wp-json/oembed/1.0/embed8cd7.json]
[wp-json/oembed/1.0/embed4ac0.json]
[wp-json/oembed/1.0/embed0450]
[wp-json/oembed/1.0/embed0fe7]
[wp-json/oembed/1.0/embed9566.json]
[tale-of-two-cities/index.html]
[tar-baby-jane/index.html]
[wp-json/oembed/1.0/embed3368.json]
[wp-json/oembed/1.0/embed22a1]
[wp-json/oembed/1.0/embede82c]
[wp-json/oembed/1.0/embed7d99.json]
[wp-json/oembed/1.0/embed724b]
[wp-json/oembed/1.0/embed797c.json]
[uptown-stories/index.html]
[when-i-go-the-healing-power-of-music/index.html]
[wp-json/oembed/1.0/embed1682.json]
[rules/video.sproutfund.org/browse/index.html]
[wp-json/oembed/1.0/embed5f34.json]
[screening-party/hivepgh.sproutfund.html]
[wp-json/oembed/1.0/embed9461]
[wp-json/oembed/1.0/embed947a]
[g.html]
[c.html]
[wp-json/oembed/1.0/embeda129.json]
[browse/indexece1.html]
[wp-json/oembed/1.0/embedd89e.json]
[wp-json/oembed/1.0/embed0cd3]
[browse/index8461.html]
[wp-json/oembed/1.0/embede471]
[browse/indexff30.html]
[wp-json/oembed/1.0/embedc726.json]
[wp-json/oembed/1.0/embed5c82]
[browse/indexdfc2.html]
[wp-json/oembed/1.0/embed6ff9]
[wp-json/oembed/1.0/embedd873.json]
[wp-json/oembed/1.0/embed8f4d.json]
[wp-json/oembed/1.0/embedc8f6]
[wp-json/oembed/1.0/embedb540]
[wp-json/oembed/1.0/embed016f.json]
[wp-json/oembed/1.0/embed0e34.json]
[wp-json/oembed/1.0/embed31d2]
[wp-json/oembed/1.0/embed4f9d.json]
[wp-json/oembed/1.0/embed1827]
[wp-json/oembed/1.0/embed7c66]
[wp-json/oembed/1.0/embedad3f.json]
[wp-json/oembed/1.0/embedcef9.json]
[wp-json/oembed/1.0/embedab74]
[wp-json/oembed/1.0/embed5817.json]
[wp-json/oembed/1.0/embed076c]
[wp-json/oembed/1.0/embed17a4.json]
[wp-json/oembed/1.0/embedc385]
[wp-json/oembed/1.0/embedd872]
[wp-json/oembed/1.0/embed24b5.json]
[wp-json/oembed/1.0/embed01da]
[wp-json/oembed/1.0/embedb2af.json]
[wp-json/oembed/1.0/embedbb45.json]
[wp-json/oembed/1.0/embed5c88]
[wp-json/oembed/1.0/embed4c98]
[browse/indexdef9.html]
[browse/indexdef9.html]
[browse/index69be.html]
[browse/index69be.html]
[browse/index99f9.html]
[browse/index99f9.html]
